2025-11-10 00:06:56,461 - INFO - Checkout successful. Username: niko . Invoice created: invoices\Invoice(2025-11-10)#307317.pdf
2025-11-10 00:15:23,594 - INFO - Checkout successful. Username: niko . Invoice created: invoices\Invoice(2025-11-10)#879960.pdf
2025-11-17 15:44:44,182 - INFO - Database updated for checkout. Invoice: 999152
2025-11-17 15:44:45,286 - INFO - Checkout successful. Username: niko . Invoice created: invoices\Invoice(2025-11-17)#999152.pdf
2025-11-21 23:47:43,007 - INFO - Database updated for checkout. Invoice: 484475
2025-11-21 23:47:43,009 - INFO - Checkout successful. Username: niko . Invoice created: invoices\Invoice(2025-11-21)#484475.pdf
2025-11-30 20:23:13,922 - INFO - Checkout successful. Username: niko . Invoice created: invoices\Invoice(2025-11-30)#632746.pdf
2025-11-30 20:26:12,292 - INFO - Checkout successful. Username: niko . Invoice created: invoices\Invoice(2025-11-30)#307003.pdf
2025-12-07 21:23:30,871 - INFO - Checkout successful. Username: niko . Invoice created: invoices\Invoice(2025-12-07)#898304.pdf
2025-12-07 21:26:59,368 - INFO - Checkout successful. Username: niko . Invoice created: invoices\Invoice(2025-12-07)#703600.pdf
2025-12-10 20:43:44,924 - INFO - Checkout successful. Username: niko . Invoice created: invoices\Invoice(2025-12-10)#100057.pdf
2025-12-10 20:55:22,680 - INFO - Checkout successful. Username: niko . Invoice created: invoices\Invoice(2025-12-10)#181275.pdf
2025-12-16 22:51:36,381 - INFO - Checkout successful. Username: niko . Invoice created: invoices\Invoice(2025-12-16)#958438.pdf
2025-12-17 12:30:24,347 - INFO - Checkout successful. Username: niko . Invoice created: invoices\Invoice(2025-12-17)#513549.pdf
2025-12-17 13:12:38,749 - INFO - Checkout successful. Username: niko . Invoice created: invoices\Invoice(2025-12-17)#620466.pdf
2025-12-17 13:14:18,478 - INFO - Checkout successful. Username: niko . Invoice created: invoices\Invoice(2025-12-17)#424810.pdf
2025-12-17 13:15:06,451 - INFO - Checkout successful. Username: niko . Invoice created: invoices\Invoice(2025-12-17)#956118.pdf
2025-12-17 15:35:17,820 - INFO - Checkout successful. Username: niko . Invoice created: invoices\Invoice(2025-12-17)#159333.pdf
2025-12-17 16:00:25,484 - INFO - Checkout successful. Username: niko . Invoice created: invoices\Invoice(2025-12-17)#364152.pdf
2025-12-17 16:13:14,559 - INFO - Checkout successful. Username: niko . Invoice created: invoices\Invoice(2025-12-17)#965515.pdf
2025-12-17 16:21:47,523 - INFO - Checkout successful. Username: niko . Invoice created: invoices\Invoice(2025-12-17)#559038.pdf
2025-12-17 16:27:57,330 - INFO - Checkout successful. Username: niko . Invoice created: invoices\Invoice(2025-12-17)#182621.pdf
2025-12-17 16:44:19,964 - INFO - Checkout successful. Username: niko . Invoice created: invoices\Invoice(2025-12-17)#534008.pdf
2025-12-17 16:59:33,598 - INFO - Checkout successful. Username: niko . Invoice created: invoices\Invoice(2025-12-17)#523947.pdf
2025-12-17 17:01:27,525 - INFO - Checkout successful. Username: niko . Invoice created: invoices\Invoice(2025-12-17)#128641.pdf
2025-12-17 17:05:18,613 - INFO - Checkout successful. Username: niko . Invoice created: invoices\Invoice(2025-12-17)#379108.pdf
2025-12-17 17:09:46,534 - INFO - Checkout successful. Username: niko . Invoice created: invoices\Invoice(2025-12-17)#427949.pdf
2025-12-17 17:23:45,977 - INFO - Checkout successful. Username: niko . Invoice created: invoices\Invoice(2025-12-17)#303000.pdf
2025-12-17 17:27:04,805 - INFO - Checkout successful. Username: niko . Invoice created: invoices\Invoice(2025-12-17)#314533.pdf
2025-12-17 17:56:47,276 - INFO - Checkout successful. Username: niko . Invoice created: invoices\Invoice(2025-12-17)#340827.pdf
2025-12-17 18:04:09,571 - INFO - Checkout successful. Username: niko . Invoice created: invoices\Invoice(2025-12-17)#468074.pdf
2025-12-17 18:09:02,883 - INFO - Checkout successful. Username: niko . Invoice created: invoices\Invoice(2025-12-17)#204454.pdf
2025-12-17 18:11:07,305 - INFO - Checkout successful. Username: niko . Invoice created: invoices\Invoice(2025-12-17)#234281.pdf
2025-12-17 18:18:15,511 - INFO - Checkout successful. Username: niko . Invoice created: invoices\Invoice(2025-12-17)#178222.pdf
2025-12-17 18:36:57,548 - INFO - Checkout successful. Username: niko . Invoice created: invoices\Invoice(2025-12-17)#606894.pdf
2025-12-17 18:41:33,471 - INFO - Checkout successful. Username: niko . Invoice created: invoices\Invoice(2025-12-17)#709899.pdf
2025-12-17 18:44:50,571 - INFO - Checkout successful. Username: niko . Invoice created: invoices\Invoice(2025-12-17)#241633.pdf
2025-12-17 19:01:29,676 - INFO - Checkout successful. Username: niko . Invoice created: invoices\Invoice(2025-12-17)#922802.pdf
2025-12-17 19:05:52,734 - INFO - Checkout successful. Username: niko . Invoice created: invoices\Invoice(2025-12-17)#903789.pdf
2025-12-17 19:08:22,802 - INFO - Checkout successful. Username: niko . Invoice created: invoices\Invoice(2025-12-17)#159974.pdf
2025-12-17 19:09:55,449 - INFO - Checkout successful. Username: niko . Invoice created: invoices\Invoice(2025-12-17)#545998.pdf
2025-12-17 19:10:58,201 - INFO - Checkout successful. Username: niko . Invoice created: invoices\Invoice(2025-12-17)#443206.pdf
2025-12-23 22:24:56,585 - INFO - Checkout successful. Username: niko . Invoice created: invoices\Invoice(2025-12-23)#232141.pdf
2025-12-28 16:48:21,362 - INFO - Checkout successful. Username: niko . Invoice created: invoices\Invoice(2025-12-28)#507665.pdf
2025-12-31 10:18:48,258 - INFO - Product added: \u10de\u10d0\u10dc\u10d0\u10dc\u10d2\u10d8\u10dc\u10d8 \u10e4\u10dd\u10e0\u10e2\u10d4#60\u10e2
2025-12-31 10:19:04,243 - INFO - Product added: \u10d0\u10e1\u10de\u10d0\u10e0\u10d9\u10d0\u10db\u10d8 0.35\u10db\u10d2 #50\u10e2 (\u10e3\u10d9\u10e0)
2026-01-29 02:17:19,052 - INFO - Checkout successful. Username: niko . Invoice created: invoices\Invoice(2026-01-29)#598902.pdf
2026-02-13 00:44:09,518 - INFO - Checkout successful. Username: niko . Invoice created: invoices\Invoice(2026-02-13)#499265.pdf
2026-03-09 14:58:17,265 - INFO - Checkout successful. Username: niko . Invoice created: invoices\Invoice(2026-03-09)#781731.pdf
2026-04-08 12:28:23,037 - ERROR - Failed to send return email: (535, b'5.7.8 Username and Password not accepted. For more information, go to\n5.7.8  https://support.google.com/mail/?p=BadCredentials 5b1f17b1804b1-488c5dc6499sm13602545e9.30 - gsmtp')
2026-04-08 12:29:58,666 - ERROR - Failed to send return email: (535, b'5.7.8 Username and Password not accepted. For more information, go to\n5.7.8  https://support.google.com/mail/?p=BadCredentials 5b1f17b1804b1-488b739e00bsm218432065e9.10 - gsmtp')
2026-04-08 13:20:32,255 - INFO - Return email successfully sent for invoice #958438
2026-05-18 14:06:41,444 - INFO - Checkout successful. Username: root . Invoice created: invoices\Invoice(2026-05-18)#911800.pdf
2026-05-18 14:06:59,356 - INFO - Return email successfully sent for invoice #911800
2026-05-18 14:07:33,778 - INFO - Checkout successful. Username: root . Invoice created: invoices\Invoice(2026-05-18)#247678.pdf
2026-05-18 14:07:49,488 - INFO - Return email successfully sent for invoice #247678
2026-06-18 18:10:57,027 - INFO - Checkout successful. Username: root . Invoice created: invoices\Invoice(2026-06-18)#990107.pdf
2026-06-18 18:23:15,610 - INFO - Checkout successful. Username: root . Invoice created: invoices\Invoice(2026-06-18)#456275.pdf
2026-06-18 18:30:27,628 - INFO - Checkout successful. Username: root . Invoice created: invoices\Invoice(2026-06-18)#840089.pdf
2026-06-18 18:37:07,889 - INFO - Checkout successful. Username: root . Invoice created: invoices\Invoice(2026-06-18)#280308.pdf
2026-06-18 18:39:25,566 - INFO - Checkout successful. Username: root . Invoice created: invoices\Invoice(2026-06-18)#335591.pdf
2026-06-18 18:51:21,171 - INFO - Checkout successful. Username: root . Invoice created: invoices\Invoice(2026-06-18)#928765.pdf
2026-06-18 18:54:23,699 - INFO - Return email successfully sent for invoice #928765
2026-06-20 16:33:36,255 - INFO - Checkout successful. Username: root . Invoice created: C:\Users\user\Documents\melodia_1.0\invoices\Invoice(2026-06-20)#805678.pdf
